
> saleor-app-template@1.0.0 check-types
> tsc --noEmit

scripts/diagnostics.ts(54,22): error TS18046: 'prodData' is of type 'unknown'.
scripts/diagnostics.ts(77,22): error TS18046: 'createData' is of type 'unknown'.
scripts/diagnostics.ts(81,38): error TS18046: 'createData' is of type 'unknown'.
scripts/diagnostics.ts(111,21): error TS18046: 'createAttrData' is of type 'unknown'.
scripts/diagnostics.ts(115,38): error TS18046: 'createAttrData' is of type 'unknown'.
scripts/diagnostics.ts(142,9): error TS18046: 'assignData' is of type 'unknown'.
scripts/diagnostics.ts(144,38): error TS18046: 'assignData' is of type 'unknown'.
scripts/diagnostics.ts(148,9): error TS18046: 'assignData' is of type 'unknown'.
scripts/diagnostics.ts(150,38): error TS18046: 'assignData' is of type 'unknown'.
scripts/diagnostics.ts(155,32): error TS18046: 'assignData' is of type 'unknown'.
scripts/diagnostics.ts(156,31): error TS18046: 'assignData' is of type 'unknown'.
scripts/diagnostics.ts(183,25): error TS18046: 'verifyData' is of type 'unknown'.
scripts/diagnostics.ts(184,25): error TS18046: 'verifyData' is of type 'unknown'.
scripts/diagnostics.ts(232,20): error TS18046: 'updateData' is of type 'unknown'.
scripts/import-products-with-brand.ts(55,12): error TS18046: 'json' is of type 'unknown'.
scripts/import-products-with-brand.ts(67,18): error TS18046: 'json' is of type 'unknown'.
scripts/import-products-with-brand.ts(84,22): error TS18046: 'findJson' is of type 'unknown'.
scripts/import-products-with-brand.ts(107,9): error TS18046: 'createJson' is of type 'unknown'.
scripts/import-products-with-brand.ts(108,68): error TS18046: 'createJson' is of type 'unknown'.
scripts/import-products-with-brand.ts(111,12): error TS18046: 'createJson' is of type 'unknown'.
scripts/import-products-with-brand.ts(184,17): error TS18046: 'res' is of type 'unknown'.
scripts/import-products-with-brand.ts(185,69): error TS18046: 'res' is of type 'unknown'.
scripts/import-products-with-brand.ts(212,9): error TS18046: 'prodJson' is of type 'unknown'.
scripts/import-products-with-brand.ts(213,63): error TS18046: 'prodJson' is of type 'unknown'.
scripts/import-products-with-brand.ts(217,26): error TS18046: 'prodJson' is of type 'unknown'.
scripts/import-products-with-brand.ts(270,23): error TS18046: 'varJson' is of type 'unknown'.
scripts/import-products-with-brand.ts(285,82): error TS18046: 'varJson' is of type 'unknown'.
scripts/import-products.ts(40,12): error TS18046: 'json' is of type 'unknown'.
scripts/import-products.ts(77,26): error TS18046: 'data' is of type 'unknown'.
scripts/import-products.ts(116,9): error TS18046: 'prodJson' is of type 'unknown'.
scripts/import-products.ts(117,71): error TS18046: 'prodJson' is of type 'unknown'.
scripts/import-products.ts(121,26): error TS18046: 'prodJson' is of type 'unknown'.
scripts/import-products.ts(214,9): error TS18046: 'varJson' is of type 'unknown'.
scripts/import-products.ts(216,58): error TS18046: 'varJson' is of type 'unknown'.
scripts/import-products.ts(220,23): error TS18046: 'varJson' is of type 'unknown'.
scripts/verify.ts(28,9): error TS18046: 'json' is of type 'unknown'.
scripts/verify.ts(29,54): error TS18046: 'json' is of type 'unknown'.
scripts/verify.ts(43,18): error TS18046: 'pageData' is of type 'unknown'.
scripts/verify.ts(54,18): error TS18046: 'createData' is of type 'unknown'.
scripts/verify.ts(64,18): error TS18046: 'prodData' is of type 'unknown'.
scripts/verify.ts(75,18): error TS18046: 'createData' is of type 'unknown'.
scripts/verify.ts(111,20): error TS18046: 'updateData' is of type 'unknown'.
src/lib/create-graphq-client.ts(5,3): error TS2724: '"urql"' has no exported member named 'dedupExchange'. Did you mean 'debugExchange'?
src/pages/api/webhooks/saleor-order-created.ts(33,12): error TS18046: 'json' is of type 'unknown'.
src/pages/api/webhooks/saleor-order-created.ts(108,9): error TS18046: 'json' is of type 'unknown'.
src/pages/api/webhooks/saleor-order-created.ts(109,40): error TS18046: 'json' is of type 'unknown'.
src/pages/api/webhooks/saleor-order-created.ts(111,12): error TS18046: 'json' is of type 'unknown'.
src/pages/api/webhooks/shopify-inventory.ts(47,19): error TS18046: 'json' is of type 'unknown'.
src/pages/api/webhooks/shopify-inventory.ts(92,7): error TS18046: 'json' is of type 'unknown'.
src/pages/api/webhooks/shopify-inventory.ts(94,94): error TS18046: 'json' is of type 'unknown'.
src/pages/api/webhooks/shopify-product-lifecycle.ts(126,12): error TS18046: 'json' is of type 'unknown'.
src/pages/api/webhooks/shopify-product-lifecycle.ts(147,12): error TS18046: 'json' is of type 'unknown'.
src/pages/api/webhooks/shopify-product-lifecycle.ts(166,24): error TS18046: 'metaJson' is of type 'unknown'.
src/pages/api/webhooks/shopify-product-lifecycle.ts(183,19): error TS18046: 'json' is of type 'unknown'.
src/pages/api/webhooks/shopify-product-lifecycle.ts(302,30): error TS18046: 'createJson' is of type 'unknown'.
src/pages/api/webhooks/shopify-product-lifecycle.ts(304,13): error TS18046: 'createJson' is of type 'unknown'.
src/pages/api/webhooks/shopify-product-lifecycle.ts(305,25): error TS18046: 'createJson' is of type 'unknown'.
src/pages/api/webhooks/shopify-product-lifecycle.ts(447,21): error TS18046: 'json' is of type 'unknown'.
src/pages/api/webhooks/shopify-product-lifecycle.ts(448,20): error TS18046: 'json' is of type 'unknown'.
trigger.config.ts(3,29): error TS2345: Argument of type '{ project: string; runtime: "node"; logLevel: "log"; retries: { default: { maxAttempts: number; minTimeoutInMs: number; maxTimeoutInMs: number; }; }; }' is not assignable to parameter of type 'TriggerConfig'.
  Property 'maxDuration' is missing in type '{ project: string; runtime: "node"; logLevel: "log"; retries: { default: { maxAttempts: number; minTimeoutInMs: number; maxTimeoutInMs: number; }; }; }' but required in type 'TriggerConfig'.
